// Jest Snapshot v1, https://goo.gl/fbAQLP

exports[`Pruebas en <GifItem/> debe de hacer match con el snapshot 1`] = `
<div>
  <div
    class="card"
  >
    <img
      alt="santos"
      class="card-img-top"
      src="https://elpepe.com"
    />
    <p
      class="card-title"
    >
      santos
    </p>
  </div>
</div>
`;
